Scanned motor ids: [1, 2]
Dynamixels started!
Serial port initialized!
Optitrack Comm Initialized!
Gym Environment created!
['_DynamixelActor__info', '__doc__', '__init__', '__module__', '_angle1', '_angle2', '_dynamixel1', '_dynamixel2', '_serial_connection', '_zero1', '_zero2', 'baudrate', 'close_connection', 'get_info', 'get_present_position', 'max0', 'max1', 'neutral_point', 'reboot', 'reset', 'serial_port', 'step', 'verbose']
['_AbstractDxlIO__controls', '_AbstractDxlIO__force_lock', '_AbstractDxlIO__real_read', '_AbstractDxlIO__real_send', '_AbstractDxlIO__used_ports', '__class__', '__del__', '__delattr__', '__dict__', '__doc__', '__enter__', '__exit__', '__format__', '__getattribute__', '__hash__', '__init__', '__module__', '__new__', '__reduce__', '__reduce_ex__', '__repr__', '__setattr__', '__sizeof__', '__str__', '__subclasshook__', '__weakref__', '_change_baudrate', '_change_id', '_convert', '_error_handler', '_generate_accessors', '_get_control_value', '_get_model', '_get_pid_gain', '_get_status_return_level', '_known_mode', '_known_models', '_open', '_protocol', '_send_packet', '_serial', '_serial_lock', '_set_LED', '_set_angle_limit', '_set_control_value', '_set_pid_gain', '_set_status_return_level', '_set_torque_enable', '_sync_read', 'baudrate', 'change_baudrate', 'change_id', 'close', 'closed', 'disable_torque', 'enable_torque', 'factory_reset', 'flush', 'get_alarm_LED', 'get_alarm_shutdown', 'get_angle_limit', 'get_compliance_margin', 'get_compliance_slope', 'get_control_mode', 'get_control_table', 'get_drive_mode', 'get_firmware', 'get_force_control_enable', 'get_goal_acceleration', 'get_goal_force', 'get_goal_position', 'get_goal_position_speed_load', 'get_highest_temperature_limit', 'get_max_torque', 'get_model', 'get_moving_speed', 'get_pid_gain', 'get_present_current', 'get_present_load', 'get_present_position', 'get_present_position_speed_load', 'get_present_speed', 'get_present_temperature', 'get_present_voltage', 'get_punch', 'get_return_delay_time', 'get_status_return_level', 'get_torque_limit', 'get_used_ports', 'get_voltage_limit', 'is_led_on', 'is_moving', 'is_torque_enabled', 'open', 'ping', 'port', 'scan', 'set_alarm_LED', 'set_alarm_shutdown', 'set_angle_limit', 'set_compliance_margin', 'set_compliance_slope', 'set_control_mode', 'set_drive_mode', 'set_force_control_enable', 'set_goal_acceleration', 'set_goal_force', 'set_goal_position', 'set_goal_position_speed_load', 'set_highest_temperature_limit', 'set_joint_mode', 'set_max_torque', 'set_moving_speed', 'set_pid_gain', 'set_punch', 'set_return_delay_time', 'set_status_return_level', 'set_torque_limit', 'set_voltage_limit', 'set_wheel_mode', 'switch_led_off', 'switch_led_on', 'timeout']
