
Udevadm info starts with the device specified by the devpath and then
walks up the chain of parent devices. It prints for every device
found, all possible attributes in the udev rules key format.
A rule to match, can be composed by the attributes of the device
and the attributes from one single parent device.

  looking at device '/devices/pci0000:00/0000:00:14.0/usb3/3-9/3-9:1.0/ttyUSB0/tty/ttyUSB0':
    KERNEL=="ttyUSB0"
    SUBSYSTEM=="tty"
    DRIVER==""

  looking at parent device '/devices/pci0000:00/0000:00:14.0/usb3/3-9/3-9:1.0/ttyUSB0':
    KERNELS=="ttyUSB0"
    SUBSYSTEMS=="usb-serial"
    DRIVERS=="ftdi_sio"
    ATTRS{latency_timer}=="16"
    ATTRS{port_number}=="0"

  looking at parent device '/devices/pci0000:00/0000:00:14.0/usb3/3-9/3-9:1.0':
    KERNELS=="3-9:1.0"
    SUBSYSTEMS=="usb"
    DRIVERS=="ftdi_sio"
    ATTRS{authorized}=="1"
    ATTRS{bAlternateSetting}==" 0"
    ATTRS{bInterfaceClass}=="ff"
    ATTRS{bInterfaceNumber}=="00"
    ATTRS{bInterfaceProtocol}=="ff"
    ATTRS{bInterfaceSubClass}=="ff"
    ATTRS{bNumEndpoints}=="02"
    ATTRS{interface}=="USB <-> Serial Converter"
    ATTRS{supports_autosuspend}=="1"

  looking at parent device '/devices/pci0000:00/0000:00:14.0/usb3/3-9':
    KERNELS=="3-9"
    SUBSYSTEMS=="usb"
    DRIVERS=="usb"
    ATTRS{authorized}=="1"
    ATTRS{avoid_reset_quirk}=="0"
    ATTRS{bConfigurationValue}=="1"
    ATTRS{bDeviceClass}=="00"
    ATTRS{bDeviceProtocol}=="00"
    ATTRS{bDeviceSubClass}=="00"
    ATTRS{bMaxPacketSize0}=="64"
    ATTRS{bMaxPower}=="100mA"
    ATTRS{bNumConfigurations}=="1"
    ATTRS{bNumInterfaces}==" 1"
    ATTRS{bcdDevice}=="0900"
    ATTRS{bmAttributes}=="80"
    ATTRS{busnum}=="3"
    ATTRS{configuration}==""
    ATTRS{devnum}=="5"
    ATTRS{devpath}=="9"
    ATTRS{idProduct}=="6014"
    ATTRS{idVendor}=="0403"
    ATTRS{ltm_capable}=="no"
    ATTRS{manufacturer}=="FTDI"
    ATTRS{maxchild}=="0"
    ATTRS{product}=="USB <-> Serial Converter"
    ATTRS{quirks}=="0x0"
    ATTRS{removable}=="removable"
    ATTRS{serial}=="FT3WI41A"
    ATTRS{speed}=="480"
    ATTRS{urbnum}=="517887"
    ATTRS{version}==" 2.00"

  looking at parent device '/devices/pci0000:00/0000:00:14.0/usb3':
    KERNELS=="usb3"
    SUBSYSTEMS=="usb"
    DRIVERS=="usb"
    ATTRS{authorized}=="1"
    ATTRS{authorized_default}=="1"
    ATTRS{avoid_reset_quirk}=="0"
    ATTRS{bConfigurationValue}=="1"
    ATTRS{bDeviceClass}=="09"
    ATTRS{bDeviceProtocol}=="01"
    ATTRS{bDeviceSubClass}=="00"
    ATTRS{bMaxPacketSize0}=="64"
    ATTRS{bMaxPower}=="0mA"
    ATTRS{bNumConfigurations}=="1"
    ATTRS{bNumInterfaces}==" 1"
    ATTRS{bcdDevice}=="0410"
    ATTRS{bmAttributes}=="e0"
    ATTRS{busnum}=="3"
    ATTRS{configuration}==""
    ATTRS{devnum}=="1"
    ATTRS{devpath}=="0"
    ATTRS{idProduct}=="0002"
    ATTRS{idVendor}=="1d6b"
    ATTRS{interface_authorized_default}=="1"
    ATTRS{ltm_capable}=="no"
    ATTRS{manufacturer}=="Linux 4.10.0-38-generic xhci-hcd"
    ATTRS{maxchild}=="14"
    ATTRS{product}=="xHCI Host Controller"
    ATTRS{quirks}=="0x0"
    ATTRS{removable}=="unknown"
    ATTRS{serial}=="0000:00:14.0"
    ATTRS{speed}=="480"
    ATTRS{urbnum}=="94"
    ATTRS{version}==" 2.00"

  looking at parent device '/devices/pci0000:00/0000:00:14.0':
    KERNELS=="0000:00:14.0"
    SUBSYSTEMS=="pci"
    DRIVERS=="xhci_hcd"
    ATTRS{broken_parity_status}=="0"
    ATTRS{class}=="0x0c0330"
    ATTRS{consistent_dma_mask_bits}=="64"
    ATTRS{d3cold_allowed}=="1"
    ATTRS{device}=="0x8cb1"
    ATTRS{dma_mask_bits}=="64"
    ATTRS{driver_override}=="(null)"
    ATTRS{enable}=="1"
    ATTRS{irq}=="32"
    ATTRS{local_cpulist}=="0-7"
    ATTRS{local_cpus}=="ff"
    ATTRS{msi_bus}=="1"
    ATTRS{numa_node}=="-1"
    ATTRS{revision}=="0x00"
    ATTRS{subsystem_device}=="0x7916"
    ATTRS{subsystem_vendor}=="0x1462"
    ATTRS{vendor}=="0x8086"

  looking at parent device '/devices/pci0000:00':
    KERNELS=="pci0000:00"
    SUBSYSTEMS==""
    DRIVERS==""

